// Jest Snapshot v1, https://goo.gl/fbAQLP

exports[`should render Header correctly 1`] = `
<div
  className="header"
>
  <div
    className="container"
  >
    <h1
      className="header-title"
    >
      Form Application
    </h1>
  </div>
</div>
`;
